
~~~~~~~~~~~~~~~~~~~~~~~~~~~~~~~~~~~~~~~~~~~~~~~~~~~~~~~~~~~~~~~~~~~~~~~~~~~~~~~~~~~~~~~~~~~~~~~~~~~~~~~~~~~~~~~~~~~~~~~~~~~~~~~~~~~~~~~~~~~~~~~~~~~~~~~~~~~~~~~
program is a Catch v2.9.2 host application.
Run with -? for options

---------------------------------------------------------------------------------------------------------------------------------------------------------------
A trivial type verify statement does not hold up compilation.
---------------------------------------------------------------------------------------------------------------------------------------------------------------
Source/Tests/full_cases_impl.cpp:198
...............................................................................................................................................................

Source/Tests/full_cases_impl.cpp:225: FAILED:
  REQUIRE( arena.empty() )
with expansion:
  false
with message:
  Test case from file: Source/Tests/SimpleCompileTests/verify_type_statement

---------------------------------------------------------------------------------------------------------------------------------------------------------------
Equal literals are treated as equal values.
---------------------------------------------------------------------------------------------------------------------------------------------------------------
Source/Tests/full_cases_impl.cpp:280
...............................................................................................................................................................

Source/Tests/full_cases_impl.cpp:311: FAILED:
  REQUIRE( arena.empty() )
with expansion:
  false
with message:
  Test case from file: Source/Tests/SimpleCompileTests/literals_equal

---------------------------------------------------------------------------------------------------------------------------------------------------------------
A trivial verify statement of primitives does not hold up compilation.
---------------------------------------------------------------------------------------------------------------------------------------------------------------
Source/Tests/full_cases_impl.cpp:368
...............................................................................................................................................................

Source/Tests/full_cases_impl.cpp:395: FAILED:
  REQUIRE( arena.empty() )
with expansion:
  false
with message:
  Test case from file: Source/Tests/SimpleCompileTests/verify_statement

---------------------------------------------------------------------------------------------------------------------------------------------------------------
Syntax sugar for arrow types expands properly.
---------------------------------------------------------------------------------------------------------------------------------------------------------------
Source/Tests/full_cases_impl.cpp:398
...............................................................................................................................................................

Source/Tests/full_cases_impl.cpp:427: FAILED:
  REQUIRE( arena.empty() )
with expansion:
  false
with message:
  Test case from file: Source/Tests/SimpleCompileTests/arrow_type

---------------------------------------------------------------------------------------------------------------------------------------------------------------
A trivial require type and value statement does not hold up compilation.
---------------------------------------------------------------------------------------------------------------------------------------------------------------
Source/Tests/full_cases_impl.cpp:674
...............................................................................................................................................................

Source/Tests/full_cases_impl.cpp:701: FAILED:
  REQUIRE( arena.empty() )
with expansion:
  false
with message:
  Test case from file: Source/Tests/SimpleCompileTests/require_both_statement

---------------------------------------------------------------------------------------------------------------------------------------------------------------
A trivial require statement does not hold up compilation.
---------------------------------------------------------------------------------------------------------------------------------------------------------------
Source/Tests/full_cases_impl.cpp:704
...............................................................................................................................................................

Source/Tests/full_cases_impl.cpp:731: FAILED:
  REQUIRE( arena.empty() )
with expansion:
  false
with message:
  Test case from file: Source/Tests/SimpleCompileTests/require_statement

---------------------------------------------------------------------------------------------------------------------------------------------------------------
A trivial type and value verify statement does not hold up compilation.
---------------------------------------------------------------------------------------------------------------------------------------------------------------
Source/Tests/full_cases_impl.cpp:848
...............................................................................................................................................................

Source/Tests/full_cases_impl.cpp:875: FAILED:
  REQUIRE( arena.empty() )
with expansion:
  false
with message:
  Test case from file: Source/Tests/SimpleCompileTests/verify_both_statement

---------------------------------------------------------------------------------------------------------------------------------------------------------------
A trivial verify statement of integer literals does not hold up compilation.
---------------------------------------------------------------------------------------------------------------------------------------------------------------
Source/Tests/full_cases_impl.cpp:878
...............................................................................................................................................................

Source/Tests/full_cases_impl.cpp:905: FAILED:
  REQUIRE( arena.empty() )
with expansion:
  false
with message:
  Test case from file: Source/Tests/SimpleCompileTests/verify_statement_int

---------------------------------------------------------------------------------------------------------------------------------------------------------------
Syntax sugar for dependent types expands properly.
---------------------------------------------------------------------------------------------------------------------------------------------------------------
Source/Tests/full_cases_impl.cpp:1024
...............................................................................................................................................................

Source/Tests/full_cases_impl.cpp:1052: FAILED:
  REQUIRE( arena.empty() )
with expansion:
  false
with message:
  Test case from file: Source/Tests/SimpleCompileTests/dependent_type

---------------------------------------------------------------------------------------------------------------------------------------------------------------
A hole in a context where $0 = zero can be deduced.
---------------------------------------------------------------------------------------------------------------------------------------------------------------
Source/Tests/full_cases_impl.cpp:1055
...............................................................................................................................................................

Source/Tests/full_cases_impl.cpp:1092: FAILED:
  REQUIRE( arena.empty() )
with expansion:
  false
with message:
  Test case from file: Source/Tests/SimpleCompileTests/deduction_in_nontrivial_context

---------------------------------------------------------------------------------------------------------------------------------------------------------------
Require can correctly see that two similar lambdas are equal.
---------------------------------------------------------------------------------------------------------------------------------------------------------------
Source/Tests/full_cases_impl.cpp:1149
...............................................................................................................................................................

Source/Tests/full_cases_impl.cpp:1176: FAILED:
  REQUIRE( arena.empty() )
with expansion:
  false
with message:
  Test case from file: Source/Tests/SimpleCompileTests/require_lambda

---------------------------------------------------------------------------------------------------------------------------------------------------------------
A trivial require type statement does not hold up compilation.
---------------------------------------------------------------------------------------------------------------------------------------------------------------
Source/Tests/full_cases_impl.cpp:1179
...............................................................................................................................................................

Source/Tests/full_cases_impl.cpp:1206: FAILED:
  REQUIRE( arena.empty() )
with expansion:
  false
with message:
  Test case from file: Source/Tests/SimpleCompileTests/require_type_statement

---------------------------------------------------------------------------------------------------------------------------------------------------------------
Verify can correctly see that two similar lambdas are equal.
---------------------------------------------------------------------------------------------------------------------------------------------------------------
Source/Tests/full_cases_impl.cpp:1510
...............................................................................................................................................................

Source/Tests/full_cases_impl.cpp:1537: FAILED:
  REQUIRE( arena.empty() )
with expansion:
  false
with message:
  Test case from file: Source/Tests/SimpleCompileTests/verify_lambda

---------------------------------------------------------------------------------------------------------------------------------------------------------------
A program implementing well-founded induction and proving the < : Ord Nat is well-ordered functions appropriately.
---------------------------------------------------------------------------------------------------------------------------------------------------------------
Source/Tests/full_cases_impl.cpp:1540
...............................................................................................................................................................

Source/Tests/full_cases_impl.cpp:1729: FAILED:
  REQUIRE( arena.empty() )
with expansion:
  false
with message:
  Test case from file: Source/Tests/Complex/well_founded_induction_on_nat

---------------------------------------------------------------------------------------------------------------------------------------------------------------
A program implementing a stack machine with finitely many instructions (each of fixed state size) works as expected.
---------------------------------------------------------------------------------------------------------------------------------------------------------------
Source/Tests/full_cases_impl.cpp:1732
...............................................................................................................................................................

Source/Tests/full_cases_impl.cpp:1944: FAILED:
  REQUIRE( arena.empty() )
with expansion:
  false
with message:
  Test case from file: Source/Tests/Complex/graph_programs

---------------------------------------------------------------------------------------------------------------------------------------------------------------
Patterns attempting to match a declaration without justification fail.
---------------------------------------------------------------------------------------------------------------------------------------------------------------
Source/Tests/full_cases_impl.cpp:1947
...............................................................................................................................................................

Source/Tests/full_cases_impl.cpp:1977: FAILED:
  REQUIRE( arena.empty() )
with expansion:
  false
with message:
  Test case from file: Source/Tests/IllFormed/bad_check_capture

---------------------------------------------------------------------------------------------------------------------------------------------------------------
Require rejects false equations in compound requirements.
---------------------------------------------------------------------------------------------------------------------------------------------------------------
Source/Tests/full_cases_impl.cpp:1980
...............................................................................................................................................................

Source/Tests/full_cases_impl.cpp:2000: FAILED:
  REQUIRE( arena.empty() )
with expansion:
  false
with message:
  Test case from file: Source/Tests/IllFormed/bad_require_both_value

---------------------------------------------------------------------------------------------------------------------------------------------------------------
Verify does not define holes in type equations applied to RHS.
---------------------------------------------------------------------------------------------------------------------------------------------------------------
Source/Tests/full_cases_impl.cpp:2003
...............................................................................................................................................................

Source/Tests/full_cases_impl.cpp:2027: FAILED:
  REQUIRE( arena.empty() )
with expansion:
  false
with message:
  Test case from file: Source/Tests/IllFormed/verify_no_deduction_type_rhs

---------------------------------------------------------------------------------------------------------------------------------------------------------------
Verify rejects false type equations.
---------------------------------------------------------------------------------------------------------------------------------------------------------------
Source/Tests/full_cases_impl.cpp:2049
...............................................................................................................................................................

Source/Tests/full_cases_impl.cpp:2069: FAILED:
  REQUIRE( arena.empty() )
with expansion:
  false
with message:
  Test case from file: Source/Tests/IllFormed/bad_verify_type

---------------------------------------------------------------------------------------------------------------------------------------------------------------
A pattern with an application to a non-function in a subpattern of the primary pattern is not accepted.
---------------------------------------------------------------------------------------------------------------------------------------------------------------
Source/Tests/full_cases_impl.cpp:2072
...............................................................................................................................................................

Source/Tests/full_cases_impl.cpp:2102: FAILED:
  REQUIRE( arena.empty() )
with expansion:
  false
with message:
  Test case from file: Source/Tests/IllFormed/bad_subpattern_application

---------------------------------------------------------------------------------------------------------------------------------------------------------------
Require rejects false type equations in compound requirements with incorrect RHS type.
---------------------------------------------------------------------------------------------------------------------------------------------------------------
Source/Tests/full_cases_impl.cpp:2105
...............................................................................................................................................................

Source/Tests/full_cases_impl.cpp:2125: FAILED:
  REQUIRE( arena.empty() )
with expansion:
  false
with message:
  Test case from file: Source/Tests/IllFormed/bad_require_both_rhs

---------------------------------------------------------------------------------------------------------------------------------------------------------------
Verify does not define holes.
---------------------------------------------------------------------------------------------------------------------------------------------------------------
Source/Tests/full_cases_impl.cpp:2128
...............................................................................................................................................................

Source/Tests/full_cases_impl.cpp:2149: FAILED:
  REQUIRE( arena.empty() )
with expansion:
  false
with message:
  Test case from file: Source/Tests/IllFormed/verify_no_deduction

---------------------------------------------------------------------------------------------------------------------------------------------------------------
A pattern with captures only reachable through a subclause which requires them is not accepted.
---------------------------------------------------------------------------------------------------------------------------------------------------------------
Source/Tests/full_cases_impl.cpp:2190
...............................................................................................................................................................

Source/Tests/full_cases_impl.cpp:2222: FAILED:
  REQUIRE( arena.empty() )
with expansion:
  false
with message:
  Test case from file: Source/Tests/IllFormed/unreachable_capture_before_subclause

---------------------------------------------------------------------------------------------------------------------------------------------------------------
Verify rejects false equations in compound requirements.
---------------------------------------------------------------------------------------------------------------------------------------------------------------
Source/Tests/full_cases_impl.cpp:2225
...............................................................................................................................................................

Source/Tests/full_cases_impl.cpp:2245: FAILED:
  REQUIRE( arena.empty() )
with expansion:
  false
with message:
  Test case from file: Source/Tests/IllFormed/bad_verify_both_value

---------------------------------------------------------------------------------------------------------------------------------------------------------------
A hole cannot be deduced based upon the values it takes with extra assumptions on its arguments.
---------------------------------------------------------------------------------------------------------------------------------------------------------------
Source/Tests/full_cases_impl.cpp:2248
...............................................................................................................................................................

Source/Tests/full_cases_impl.cpp:2286: FAILED:
  REQUIRE( arena.empty() )
with expansion:
  false
with message:
  Test case from file: Source/Tests/IllFormed/no_deduction_with_extra_assumptions

---------------------------------------------------------------------------------------------------------------------------------------------------------------
A pattern with an application of a capture to a non-function is not accepted.
---------------------------------------------------------------------------------------------------------------------------------------------------------------
Source/Tests/full_cases_impl.cpp:2289
...............................................................................................................................................................

Source/Tests/full_cases_impl.cpp:2321: FAILED:
  REQUIRE( arena.empty() )
with expansion:
  false
with message:
  Test case from file: Source/Tests/IllFormed/bad_subclause_application

---------------------------------------------------------------------------------------------------------------------------------------------------------------
Verify rejects false equations.
---------------------------------------------------------------------------------------------------------------------------------------------------------------
Source/Tests/full_cases_impl.cpp:2324
...............................................................................................................................................................

Source/Tests/full_cases_impl.cpp:2344: FAILED:
  REQUIRE( arena.empty() )
with expansion:
  false
with message:
  Test case from file: Source/Tests/IllFormed/bad_verify

---------------------------------------------------------------------------------------------------------------------------------------------------------------
A pattern with an application of a outer capture to a non-function is not accepted.
---------------------------------------------------------------------------------------------------------------------------------------------------------------
Source/Tests/full_cases_impl.cpp:2347
...............................................................................................................................................................

Source/Tests/full_cases_impl.cpp:2377: FAILED:
  REQUIRE( arena.empty() )
with expansion:
  false
with message:
  Test case from file: Source/Tests/IllFormed/bad_pattern_application

---------------------------------------------------------------------------------------------------------------------------------------------------------------
A pattern with unreachable captures does not compile.
---------------------------------------------------------------------------------------------------------------------------------------------------------------
Source/Tests/full_cases_impl.cpp:2380
...............................................................................................................................................................

Source/Tests/full_cases_impl.cpp:2410: FAILED:
  REQUIRE( arena.empty() )
with expansion:
  false
with message:
  Test case from file: Source/Tests/IllFormed/unreachable_capture

---------------------------------------------------------------------------------------------------------------------------------------------------------------
Verify does not define holes in type equations.
---------------------------------------------------------------------------------------------------------------------------------------------------------------
Source/Tests/full_cases_impl.cpp:2413
...............................................................................................................................................................

Source/Tests/full_cases_impl.cpp:2437: FAILED:
  REQUIRE( arena.empty() )
with expansion:
  false
with message:
  Test case from file: Source/Tests/IllFormed/verify_no_deduction_type

---------------------------------------------------------------------------------------------------------------------------------------------------------------
Patterns with an incorrect output type are not accepted.
---------------------------------------------------------------------------------------------------------------------------------------------------------------
Source/Tests/full_cases_impl.cpp:2440
...............................................................................................................................................................

Source/Tests/full_cases_impl.cpp:2470: FAILED:
  REQUIRE( arena.empty() )
with expansion:
  false
with message:
  Test case from file: Source/Tests/IllFormed/bad_replacement_type

---------------------------------------------------------------------------------------------------------------------------------------------------------------
Verify rejects false type equations in compound requirements.
---------------------------------------------------------------------------------------------------------------------------------------------------------------
Source/Tests/full_cases_impl.cpp:2492
...............................................................................................................................................................

Source/Tests/full_cases_impl.cpp:2512: FAILED:
  REQUIRE( arena.empty() )
with expansion:
  false
with message:
  Test case from file: Source/Tests/IllFormed/bad_verify_type_both

---------------------------------------------------------------------------------------------------------------------------------------------------------------
Require rejects false type equations in compound requirements.
---------------------------------------------------------------------------------------------------------------------------------------------------------------
Source/Tests/full_cases_impl.cpp:2515
...............................................................................................................................................................

Source/Tests/full_cases_impl.cpp:2535: FAILED:
  REQUIRE( arena.empty() )
with expansion:
  false
with message:
  Test case from file: Source/Tests/IllFormed/bad_require_type_both

---------------------------------------------------------------------------------------------------------------------------------------------------------------
A function's value cannot be deduced pointwise.
---------------------------------------------------------------------------------------------------------------------------------------------------------------
Source/Tests/full_cases_impl.cpp:2538
...............................................................................................................................................................

Source/Tests/full_cases_impl.cpp:2570: FAILED:
  REQUIRE( arena.empty() )
with expansion:
  false
with message:
  Test case from file: Source/Tests/IllFormed/no_pointwise_deduction_of_match

---------------------------------------------------------------------------------------------------------------------------------------------------------------
Require rejects false type equations.
---------------------------------------------------------------------------------------------------------------------------------------------------------------
Source/Tests/full_cases_impl.cpp:2573
...............................................................................................................................................................

Source/Tests/full_cases_impl.cpp:2593: FAILED:
  REQUIRE( arena.empty() )
with expansion:
  false
with message:
  Test case from file: Source/Tests/IllFormed/bad_require_type

---------------------------------------------------------------------------------------------------------------------------------------------------------------
Verify rejects false type equations in compound requirements with incorrect RHS type.
---------------------------------------------------------------------------------------------------------------------------------------------------------------
Source/Tests/full_cases_impl.cpp:2596
...............................................................................................................................................................

Source/Tests/full_cases_impl.cpp:2616: FAILED:
  REQUIRE( arena.empty() )
with expansion:
  false
with message:
  Test case from file: Source/Tests/IllFormed/bad_verify_both_rhs

---------------------------------------------------------------------------------------------------------------------------------------------------------------
A pattern with bad double captures, bad check captures, and bad replacement types reports errors.
---------------------------------------------------------------------------------------------------------------------------------------------------------------
Source/Tests/full_cases_impl.cpp:2619
...............................................................................................................................................................

Source/Tests/full_cases_impl.cpp:2649: FAILED:
  REQUIRE( arena.empty() )
with expansion:
  false
with message:
  Test case from file: Source/Tests/IllFormed/multiple_problem_pattern

---------------------------------------------------------------------------------------------------------------------------------------------------------------
Patterns repeating a capture without type constraints forcing this are invalid.
---------------------------------------------------------------------------------------------------------------------------------------------------------------
Source/Tests/full_cases_impl.cpp:2652
...............................................................................................................................................................

Source/Tests/full_cases_impl.cpp:2673: FAILED:
  REQUIRE( arena.empty() )
with expansion:
  false
with message:
  Test case from file: Source/Tests/IllFormed/bad_double_capture

---------------------------------------------------------------------------------------------------------------------------------------------------------------
Require rejects false equations.
---------------------------------------------------------------------------------------------------------------------------------------------------------------
Source/Tests/full_cases_impl.cpp:2676
...............................................................................................................................................................

Source/Tests/full_cases_impl.cpp:2696: FAILED:
  REQUIRE( arena.empty() )
with expansion:
  false
with message:
  Test case from file: Source/Tests/IllFormed/bad_require

---------------------------------------------------------------------------------------------------------------------------------------------------------------
A rule relying on the judgemental equality of a match arm computes.
---------------------------------------------------------------------------------------------------------------------------------------------------------------
Source/Tests/full_cases_impl.cpp:2840
...............................................................................................................................................................

Source/Tests/full_cases_impl.cpp:2893: FAILED:
  REQUIRE( arena.empty() )
with expansion:
  false
with message:
  Test case from file: Source/Tests/Misc/match_can_use_equality

---------------------------------------------------------------------------------------------------------------------------------------------------------------
A complex definition counting the steps to zero works using a match statement.
---------------------------------------------------------------------------------------------------------------------------------------------------------------
Source/Tests/full_cases_impl.cpp:2896
...............................................................................................................................................................

Source/Tests/full_cases_impl.cpp:2955: FAILED:
  REQUIRE( arena.empty() )
with expansion:
  false
with message:
  Test case from file: Source/Tests/Misc/step_counter_match

---------------------------------------------------------------------------------------------------------------------------------------------------------------
A complex definition counting the steps to zero works, with a local declaration defined by subclauses.
---------------------------------------------------------------------------------------------------------------------------------------------------------------
Source/Tests/full_cases_impl.cpp:2958
...............................................................................................................................................................

Source/Tests/full_cases_impl.cpp:3014: FAILED:
  REQUIRE( arena.empty() )
with expansion:
  false
with message:
  Test case from file: Source/Tests/Misc/step_counter

---------------------------------------------------------------------------------------------------------------------------------------------------------------
A complex definition returning the last iterate before hitting zero, using a local definition defined by subclauses.
---------------------------------------------------------------------------------------------------------------------------------------------------------------
Source/Tests/full_cases_impl.cpp:3017
...............................................................................................................................................................

Source/Tests/full_cases_impl.cpp:3088: FAILED:
  REQUIRE( arena.empty() )
with expansion:
  false
with message:
  Test case from file: Source/Tests/Misc/last_iterate_before

---------------------------------------------------------------------------------------------------------------------------------------------------------------
A match arm relying on the judgemental equality the match computes.
---------------------------------------------------------------------------------------------------------------------------------------------------------------
Source/Tests/full_cases_impl.cpp:3155
...............................................................................................................................................................

Source/Tests/full_cases_impl.cpp:3216: FAILED:
  REQUIRE( arena.empty() )
with expansion:
  false
with message:
  Test case from file: Source/Tests/Misc/div_2_match

---------------------------------------------------------------------------------------------------------------------------------------------------------------
A complex definition returning the last iterate before hitting zero using a match statement.
---------------------------------------------------------------------------------------------------------------------------------------------------------------
Source/Tests/full_cases_impl.cpp:3219
...............................................................................................................................................................

Source/Tests/full_cases_impl.cpp:3289: FAILED:
  REQUIRE( arena.empty() )
with expansion:
  false
with message:
  Test case from file: Source/Tests/Misc/last_iterate_before_match

---------------------------------------------------------------------------------------------------------------------------------------------------------------
Lambdas can have lambdas as part of their explicit type specification.
---------------------------------------------------------------------------------------------------------------------------------------------------------------
Source/Tests/full_cases_impl.cpp:3355
...............................................................................................................................................................

Source/Tests/full_cases_impl.cpp:3382: FAILED:
  REQUIRE( arena.empty() )
with expansion:
  false
with message:
  Test case from file: Source/Tests/Misc/lambda_in_lambda_type

---------------------------------------------------------------------------------------------------------------------------------------------------------------
Matching against identity types provides the required judgemental equalities.
---------------------------------------------------------------------------------------------------------------------------------------------------------------
Source/Tests/full_cases_impl.cpp:3446
...............................................................................................................................................................

Source/Tests/full_cases_impl.cpp:3498: FAILED:
  REQUIRE( arena.empty() )
with expansion:
  false
with message:
  Test case from file: Source/Tests/Misc/id_types

---------------------------------------------------------------------------------------------------------------------------------------------------------------
A rule relying on the judgemental equality of a match computes, even where the rule must be applied multiple times.
---------------------------------------------------------------------------------------------------------------------------------------------------------------
Source/Tests/full_cases_impl.cpp:3501
...............................................................................................................................................................

Source/Tests/full_cases_impl.cpp:3556: FAILED:
  REQUIRE( arena.empty() )
with expansion:
  false
with message:
  Test case from file: Source/Tests/Misc/match_can_use_equality_deeply

---------------------------------------------------------------------------------------------------------------------------------------------------------------
A very large program can be compiled.
---------------------------------------------------------------------------------------------------------------------------------------------------------------
Source/Tests/full_cases_impl.cpp:3628
...............................................................................................................................................................

Source/Tests/full_cases_impl.cpp:6562: FAILED:
  REQUIRE( arena.empty() )
with expansion:
  false
with message:
  Test case from file: Source/Tests/Misc/big_test

===============================================================================================================================================================
test cases:   153 |   104 passed | 49 failed
assertions: 65993 | 65944 passed | 49 failed

